2024-01-15T08:00:01Z INFO auth User login successful
2024-01-15T08:00:05Z DEBUG database Connection pool initialized
2024-01-15T08:00:12Z ERROR auth Failed to validate token: expired
2024-01-15T08:00:15Z INFO api Request processed in 45ms
2024-01-15T08:00:22Z ERROR database Connection timeout after 30s
2024-01-15T08:00:30Z WARN api Rate limit approaching for client 10.0.0.5
2024-01-15T08:00:35Z ERROR auth Invalid credentials for user admin
2024-01-15T08:00:41Z INFO scheduler Job batch-001 completed
2024-01-15T08:00:48Z ERROR api Upstream service unavailable: payments
2024-01-15T08:00:55Z ERROR database Deadlock detected on table orders
2024-01-15T08:01:02Z DEBUG auth Token refresh initiated
2024-01-15T08:01:10Z ERROR scheduler Job batch-002 failed: timeout
2024-01-15T08:01:15Z INFO database Vacuum completed on analytics table
2024-01-15T08:01:22Z ERROR auth Account locked after 5 failed attempts
2024-01-15T08:01:30Z ERROR api Gateway timeout on /api/v2/reports
2024-01-15T08:01:35Z WARN scheduler Queue depth exceeding threshold
2024-01-15T08:01:42Z ERROR database Replication lag exceeds 10s
2024-01-15T08:01:50Z INFO api Health check passed
2024-01-15T08:01:55Z ERROR api Malformed request body from client 10.0.0.8
2024-01-15T08:02:01Z ERROR scheduler Worker process crashed: OOM
2024-01-15T08:02:08Z DEBUG database Slow query log rotated
2024-01-15T08:02:15Z ERROR auth Certificate validation failed for service-mesh
2024-01-15T08:02:22Z INFO api Cache hit ratio: 94.2%
2024-01-15T08:02:30Z ERROR database Foreign key constraint violation on insert
